{
    "Parameters: default": {
        "content": [
            {
                "0": [
                    [
                        {
                            "irida_id": "test_paired_end",
                            "single_end": false
                        },
                        [
                            "SRR11140744.fastq.gz:md5,2adaca2017c2710576adc31e612b4e0c",
                            "SRR11140744_1.fastq.gz:md5,a31c985a614b05e8beb05da7b6ea9c6d",
                            "SRR11140744_2.fastq.gz:md5,353d40a9da709338ee7cf1f5e694c0c8"
                        ]
                    ],
                    [
                        {
                            "irida_id": "test_single_end",
                            "single_end": true
                        },
                        "DRR000774.fastq.gz:md5,2fa2a3ef2dccd1799278097860a8c031"
                    ]
                ],
                "1": [
                    "versions.yml:md5,6370b8b2476b5bc54b7001c33197b577"
                ],
                "reads": [
                    [
                        {
                            "irida_id": "test_paired_end",
                            "single_end": false
                        },
                        [
                            "SRR11140744.fastq.gz:md5,2adaca2017c2710576adc31e612b4e0c",
                            "SRR11140744_1.fastq.gz:md5,a31c985a614b05e8beb05da7b6ea9c6d",
                            "SRR11140744_2.fastq.gz:md5,353d40a9da709338ee7cf1f5e694c0c8"
                        ]
                    ],
                    [
                        {
                            "irida_id": "test_single_end",
                            "single_end": true
                        },
                        "DRR000774.fastq.gz:md5,2fa2a3ef2dccd1799278097860a8c031"
                    ]
                ],
                "versions": [
                    "versions.yml:md5,6370b8b2476b5bc54b7001c33197b577"
                ]
            }
        ],
        "meta": {
            "nf-test": "0.9.2",
            "nextflow": "24.10.4"
        },
        "timestamp": "2025-02-03T10:31:24.480521123"
    }
}