{
    "Test fasterqdump ERR1109373 with SRA Lite": {
        "content": [
            {
                "0": [
                    [
                        {
                            "irida_id": "SAMPLE1"
                        },
                        [
                            "ERR1109373.fastq.gz:md5,d96d5abd94462fc3a082fd2c68c2c0e0",
                            "ERR1109373_1.fastq.gz:md5,1de0d3c1b06ce522c1370caaf7185ea4",
                            "ERR1109373_2.fastq.gz:md5,0bdb325ecc45feaff204315a025e50f7"
                        ]
                    ]
                ],
                "1": [
                    "versions.yml:md5,a3d61a9761e1606ef8459f0b68821d7a"
                ],
                "reads": [
                    [
                        {
                            "irida_id": "SAMPLE1"
                        },
                        [
                            "ERR1109373.fastq.gz:md5,d96d5abd94462fc3a082fd2c68c2c0e0",
                            "ERR1109373_1.fastq.gz:md5,1de0d3c1b06ce522c1370caaf7185ea4",
                            "ERR1109373_2.fastq.gz:md5,0bdb325ecc45feaff204315a025e50f7"
                        ]
                    ]
                ],
                "versions": [
                    "versions.yml:md5,a3d61a9761e1606ef8459f0b68821d7a"
                ]
            }
        ],
        "meta": {
            "nf-test": "0.9.2",
            "nextflow": "24.10.4"
        },
        "timestamp": "2025-02-17T12:22:41.2508123"
    },
    "Test fasterqdump ERR1109373": {
        "content": [
            {
                "0": [
                    [
                        {
                            "irida_id": "SAMPLE1"
                        },
                        [
                            "ERR1109373.fastq.gz:md5,b9acccb3c5d317a99f604375a09991aa",
                            "ERR1109373_1.fastq.gz:md5,38e94cf16bf3d3b7d3a05a4c21b8fcc3",
                            "ERR1109373_2.fastq.gz:md5,031a82c07f35c45ada5b6133b1181e68"
                        ]
                    ]
                ],
                "1": [
                    "versions.yml:md5,a3d61a9761e1606ef8459f0b68821d7a"
                ],
                "reads": [
                    [
                        {
                            "irida_id": "SAMPLE1"
                        },
                        [
                            "ERR1109373.fastq.gz:md5,b9acccb3c5d317a99f604375a09991aa",
                            "ERR1109373_1.fastq.gz:md5,38e94cf16bf3d3b7d3a05a4c21b8fcc3",
                            "ERR1109373_2.fastq.gz:md5,031a82c07f35c45ada5b6133b1181e68"
                        ]
                    ]
                ],
                "versions": [
                    "versions.yml:md5,a3d61a9761e1606ef8459f0b68821d7a"
                ]
            }
        ],
        "meta": {
            "nf-test": "0.9.2",
            "nextflow": "24.10.4"
        },
        "timestamp": "2025-02-14T11:34:00.7763641"
    }
}